[20:50:46] Fetching sim list from PhET (en)…
[20:50:48] PhET lists 120 HTML5 sims.
[20:50:48] To do: 120 new, 0 updated, 0 already here, 120 pictures.
[20:50:48] (1/120) Acid-Base Solutions [en] new …
[20:50:51]    ✓ done
[20:50:51] (2/120) Area Builder [en] new …
[20:50:53]    ✓ done
[20:50:53] (3/120) Area Model Algebra [en] new …
[20:50:57]    ✓ done
[20:50:57] (4/120) Area Model Decimals [en] new …
[20:50:59]    ✓ done
[20:50:59] (5/120) Area Model Introduction [en] new …
[20:51:02]    ✓ done
[20:51:02] (6/120) Area Model Multiplication [en] new …
[20:51:05]    ✓ done
[20:51:05] (7/120) Arithmetic [en] new …
[20:51:08]    ✓ done
[20:51:08] (8/120) Atomic Interactions [en] new …
[20:51:12]    ✓ done
[20:51:12] (9/120) Balancing Act [en] new …
[20:51:15]    ✓ done
[20:51:15] (10/120) Balancing Chemical Equations [en] new …
[20:51:17]    ✓ done
[20:51:17] (11/120) Balloons and Static Electricity [en] new …
[20:51:20]    ✓ done
[20:51:20] (12/120) Beer's Law Lab [en] new …
[20:51:23]    ✓ done
[20:51:23] (13/120) Bending Light [en] new …
[20:51:26]    ✓ done
[20:51:26] (14/120) Blackbody Spectrum [en] new …
[20:51:28]    ✓ done
[20:51:28] (15/120) Build a Fraction [en] new …
[20:51:30]    ✓ done
[20:51:30] (16/120) Build a Molecule [en] new …
[20:51:33]    ✓ done
[20:51:33] (17/120) Build a Nucleus [en] new …
[20:51:36]    ✓ done
[20:51:36] (18/120) Build an Atom [en] new …
[20:51:39]    ✓ done
[20:51:39] (19/120) Buoyancy [en] new …
[20:51:43]    ✓ done
[20:51:43] (20/120) Buoyancy: Basics [en] new …
[20:51:47]    ✓ done
[20:51:47] (21/120) Calculus Grapher [en] new …
[20:51:50]    ✓ done
[20:51:50] (22/120) Capacitor Lab: Basics [en] new …
[20:51:52]    ✓ done
[20:51:52] (23/120) Center and Variability [en] new …
[20:51:56]    ✓ done
[20:51:56] (24/120) Charges and Fields [en] new …
[20:51:58]    ✓ done
[20:51:58] (25/120) Circuit Construction Kit: AC [en] new …
[20:52:01]    ✓ done
[20:52:01] (26/120) Circuit Construction Kit: AC - Virtual Lab [en] new …
[20:52:04]    ✓ done
[20:52:04] (27/120) Circuit Construction Kit: DC [en] new …
[20:52:09]    ✓ done
[20:52:09] (28/120) Circuit Construction Kit: DC - Virtual Lab [en] new …
[20:52:12]    ✓ done
[20:52:12] (29/120) Collision Lab [en] new …
[20:52:14]    ✓ done
[20:52:14] (30/120) Color Vision [en] new …
[20:52:17]    ✓ done
[20:52:17] (31/120) Concentration [en] new …
[20:52:20]    ✓ done
[20:52:20] (32/120) Coulomb's Law [en] new …
[20:52:22]    ✓ done
[20:52:22] (33/120) Curve Fitting [en] new …
[20:52:25]    ✓ done
[20:52:25] (34/120) Density [en] new …
[20:52:28]    ✓ done
[20:52:28] (35/120) Diffusion [en] new …
[20:52:31]    ✓ done
[20:52:31] (36/120) Energy Forms and Changes [en] new …
[20:52:35]    ✓ done
[20:52:35] (37/120) Energy Skate Park [en] new …
[20:52:38]    ✓ done
[20:52:38] (38/120) Energy Skate Park: Basics [en] new …
[20:52:43]    ✓ done
[20:52:43] (39/120) Equality Explorer [en] new …
[20:52:46]    ✓ done
[20:52:46] (40/120) Equality Explorer: Basics [en] new …
[20:52:49]    ✓ done
[20:52:49] (41/120) Equality Explorer: Two Variables [en] new …
[20:52:52]    ✓ done
[20:52:52] (42/120) Expression Exchange [en] new …
[20:52:55]    ✓ done
[20:52:55] (43/120) Faraday's Electromagnetic Lab [en] new …
[20:52:58]    ✓ done
[20:52:58] (44/120) Faraday's Law [en] new …
[20:53:01]    ✓ done
[20:53:01] (45/120) Forces and Motion: Basics [en] new …
[20:53:04]    ✓ done
[20:53:04] (46/120) Fourier: Making Waves [en] new …
[20:53:06]    ✓ done
[20:53:06] (47/120) Fraction Matcher [en] new …
[20:53:08]    ✓ done
[20:53:08] (48/120) Fractions: Equality [en] new …
[20:53:10]    ✓ done
[20:53:10] (49/120) Fractions: Intro [en] new …
[20:53:12]    ✓ done
[20:53:12] (50/120) Fractions: Mixed Numbers [en] new …
[20:53:14]    ✓ done
[20:53:14] (51/120) Friction [en] new …
[20:53:16]    ✓ done
[20:53:16] (52/120) Function Builder [en] new …
[20:53:21]    ✓ done
[20:53:21] (53/120) Function Builder: Basics [en] new …
[20:53:23]    ✓ done
[20:53:23] (54/120) Gas Properties [en] new …
[20:53:26]    ✓ done
[20:53:26] (55/120) Gases Intro [en] new …
[20:53:29]    ✓ done
[20:53:29] (56/120) Gene Expression Essentials [en] new …
[20:53:32]    ✓ done
[20:53:32] (57/120) Generator [en] new …
[20:53:35]    ✓ done
[20:53:35] (58/120) Geometric Optics [en] new …
[20:53:37]    ✓ done
[20:53:37] (59/120) Geometric Optics: Basics [en] new …
[20:53:39]    ✓ done
[20:53:39] (60/120) Graphing Lines [en] new …
[20:53:42]    ✓ done
[20:53:42] (61/120) Graphing Quadratics [en] new …
[20:53:44]    ✓ done
[20:53:44] (62/120) Graphing Slope-Intercept [en] new …
[20:53:47]    ✓ done
[20:53:47] (63/120) Gravity and Orbits [en] new …
[20:53:50]    ✓ done
[20:53:50] (64/120) Gravity Force Lab [en] new …
[20:53:52]    ✓ done
[20:53:52] (65/120) Gravity Force Lab: Basics [en] new …
[20:53:55]    ✓ done
[20:53:55] (66/120) Greenhouse Effect [en] new …
[20:53:58]    ✓ done
[20:53:58] (67/120) Hooke's Law [en] new …
[20:54:01]    ✓ done
[20:54:01] (68/120) Isotopes and Atomic Mass [en] new …
[20:54:03]    ✓ done
[20:54:03] (69/120) John Travoltage [en] new …
[20:54:06]    ✓ done
[20:54:06] (70/120) Kepler's Laws [en] new …
[20:54:09]    ✓ done
[20:54:09] (71/120) Least-Squares Regression [en] new …
[20:54:12]    ✓ done
[20:54:12] (72/120) Magnet and Compass [en] new …
[20:54:15]    ✓ done
[20:54:15] (73/120) Magnets and Electromagnets [en] new …
[20:54:18]    ✓ done
[20:54:18] (74/120) Make a Ten [en] new …
[20:54:20]    ✓ done
[20:54:20] (75/120) Masses and Springs [en] new …
[20:54:22]    ✓ done
[20:54:22] (76/120) Masses and Springs: Basics [en] new …
[20:54:24]    ✓ done
[20:54:24] (77/120) Mean: Share and Balance [en] new …
[20:54:27]    ✓ done
[20:54:27] (78/120) Membrane Transport [en] new …
[20:54:30]    ✓ done
[20:54:30] (79/120) Models of the Hydrogen Atom [en] new …
[20:54:33]    ✓ done
[20:54:33] (80/120) Molarity [en] new …
[20:54:35]    ✓ done
[20:54:35] (81/120) Molecule Polarity [en] new …
[20:54:38]    ✓ done
[20:54:38] (82/120) Molecule Shapes [en] new …
[20:54:41]    ✓ done
[20:54:41] (83/120) Molecule Shapes: Basics [en] new …
[20:54:44]    ✓ done
[20:54:44] (84/120) Molecules and Light [en] new …
[20:54:46]    ✓ done
[20:54:46] (85/120) My Solar System [en] new …
[20:54:49]    ✓ done
[20:54:49] (86/120) Natural Selection [en] new …
[20:54:53]    ✓ done
[20:54:53] (87/120) Neuron [en] new …
[20:54:55]    ✓ done
[20:54:55] (88/120) Number Compare [en] new …
[20:54:57]    ✓ done
[20:54:57] (89/120) Number Line: Distance [en] new …
[20:55:00]    ✓ done
[20:55:00] (90/120) Number Line: Integers [en] new …
[20:55:04]    ✓ done
[20:55:04] (91/120) Number Line: Operations [en] new …
[20:55:07]    ✓ done
[20:55:07] (92/120) Number Pairs [en] new …
[20:55:10]    ✓ done
[20:55:10] (93/120) Number Play [en] new …
[20:55:12]    ✓ done
[20:55:12] (94/120) Ohm's Law [en] new …
[20:55:14]    ✓ done
[20:55:14] (95/120) Pendulum Lab [en] new …
[20:55:17]    ✓ done
[20:55:17] (96/120) pH Scale [en] new …
[20:55:21]    ✓ done
[20:55:21] (97/120) pH Scale: Basics [en] new …
[20:55:24]    ✓ done
[20:55:24] (98/120) Plinko Probability [en] new …
[20:55:27]    ✓ done
[20:55:27] (99/120) Projectile Data Lab [en] new …
[20:55:29]    ✓ done
[20:55:29] (100/120) Projectile Motion [en] new …
[20:55:32]    ✓ done
[20:55:32] (101/120) Projectile Sampling Distributions [en] new …
[20:55:34]    ✓ done
[20:55:34] (102/120) Proportion Playground [en] new …
[20:55:37]    ✓ done
[20:55:37] (103/120) Quadrilateral [en] new …
[20:55:40]    ✓ done
[20:55:40] (104/120) Quantum Coin Toss [en] new …
[20:55:43]    ✓ done
[20:55:43] (105/120) Quantum Measurement [en] new …
[20:55:46]    ✓ done
[20:55:46] (106/120) Quantum Wave Interference [en] new …
[20:55:49]    ✓ done
[20:55:49] (107/120) Ratio and Proportion [en] new …
[20:55:51]    ✓ done
[20:55:51] (108/120) Reactants, Products and Leftovers [en] new …
[20:55:54]    ✓ done
[20:55:54] (109/120) Resistance in a Wire [en] new …
[20:55:57]    ✓ done
[20:55:57] (110/120) Rutherford Scattering [en] new …
[20:56:00]    ✓ done
[20:56:00] (111/120) States of Matter [en] new …
[20:56:02]    ✓ done
[20:56:02] (112/120) States of Matter: Basics [en] new …
[20:56:04]    ✓ done
[20:56:04] (113/120) Trig Tour [en] new …
[20:56:07]    ✓ done
[20:56:07] (114/120) Under Pressure [en] new …
[20:56:09]    ✓ done
[20:56:09] (115/120) Unit Rates [en] new …
[20:56:12]    ✓ done
[20:56:12] (116/120) Vector Addition [en] new …
[20:56:14]    ✓ done
[20:56:14] (117/120) Vector Addition: Equations [en] new …
[20:56:16]    ✓ done
[20:56:16] (118/120) Wave Interference [en] new …
[20:56:18]    ✓ done
[20:56:18] (119/120) Wave on a String [en] new …
[20:56:21]    ✓ done
[20:56:21] (120/120) Waves Intro [en] new …
[20:56:23]    ✓ done
[20:58:12] Pictures: 120 of 120 downloaded.
[20:58:12] Finished: 120 downloaded, 0 failed.
